TYPE HELP FOR COMMANDS
RENDERER BACKEND: SOFTWARE
DISPLAY MODE: 1280x800 MASKED32
KEYBOARD LAYOUT: US-QWERTY
KEYBOARD MODS: SHIFT 0
TEXT SHAPER: BASIC WRAP 640
FONT CACHE: E 0 C 96 H 0 M 0
CPU CORES ONLINE: 4 BSP: 0
CPU PARALLEL SUPPORT: 1 ENABLED: 0 PLANNED AP: 3
CPU PARALLEL BOOT FLAG: 0 ENTRY INSTALLED: 1
SCHED INIT CORES: 4
SCHED TASKS: 2
MSG BUS CAP: 128
EVENT SUBS: 0
SERVICES: 7
VFS MOUNTS: 1 CAP: 8
VFS ROUTE: RAWFS -> kernel.elf
VFS RWTEST PASS BS 512 DRV RAWFS
TEXT SHAPER WRAP 320
TEXT SHAPER BASIC
EVENT FLOW SCHED CH 100
EVENT FLOW CMD CH 102
EVENT FLOW INPUT CH 103
EVENT FLOW READY
DESKTOP SMOKE PASS
DSKSURF SMOKE PASS
DSKSURF OCCLUSION SMOKE READY
DSKSURF OVERLAY ON
DESKTOP SHELL READY
SCHED TICK 1 READY 1 RUN 1 BLK 0 LAST 1
DESKTOP S 6 D 5 DA 1222400 ACK 0 APX 0 FACK 0 FPX 0 FFBK 0 FFBP 0 FSPL 0 FGEN 0 FDROP 0 Z 60 C 2 T 2 F 2 CAP 0 CLK 0
DESKTOP DIRTY TOP N 0
DESKTOP SPLIT TOP N 0
DESKTOP INPUT RX 0 DROP 0 KEY 0 PTR 0
DSKSURF OCCLUSION SMOKE PASS
CMD> parallel on
PARALLEL ON AP_PARKED
CMD> parallel drain on
PARALLEL DRAIN ON
EVENT HEARTBEAT RX 120 RUN 120
CMD> parallel
PARALLEL ON AP_PROBE
CMD> parallelprobe
PARALLELPROBE MODE AP_PROBE PTICK 11860 DPT 11860 DEXE 0
PARALLELPROBE AP START 3 ACTIVE 3 LAST 1 PEND 0
CMD> parallelprobe
PARALLELPROBE MODE AP_PROBE PTICK 17513 DPT 5653 DEXE 0
PARALLELPROBE AP START 3 ACTIVE 3 LAST 2 PEND 0
CMD> halt
SHUTDOWN REQUESTED
