TYPE HELP FOR COMMANDS
RENDERER BACKEND: SOFTWARE
DISPLAY MODE: 1280x800 MASKED32
KEYBOARD LAYOUT: US-QWERTY
KEYBOARD MODS: SHIFT 0
TEXT SHAPER: BASIC WRAP 640
FONT CACHE: E 0 C 96 H 0 M 0
CPU CORES ONLINE: 4 BSP: 0
CPU PARALLEL SUPPORT: 1 ENABLED: 0 PLANNED AP: 3
CPU PARALLEL BOOT FLAG: 0 ENTRY INSTALLED: 1
SCHED INIT CORES: 4
SCHED TASKS: 2
MSG BUS CAP: 128
EVENT SUBS: 0
SERVICES: 7
VFS MOUNTS: 1 CAP: 8
VFS ROUTE: RAWFS -> kernel.elf
VFS RWTEST PASS BS 512 DRV RAWFS
TEXT SHAPER WRAP 320
TEXT SHAPER BASIC
EVENT FLOW SCHED CH 100
EVENT FLOW CMD CH 102
EVENT FLOW INPUT CH 103
EVENT FLOW READY
DESKTOP SMOKE PASS
DSKSURF SMOKE PASS
DSKSURF OCCLUSION SMOKE READY
DSKSURF OVERLAY ON
DESKTOP SHELL READY
SCHED TICK 1 READY 1 RUN 1 BLK 0 LAST 1
DESKTOP S 6 D 5 DA 1222400 ACK 0 APX 0 FACK 0 FPX 0 FFBK 0 FFBP 0 FSPL 0 FGEN 0 FDROP 0 Z 60 C 2 T 2 F 2 CAP 0 CLK 0
DESKTOP DIRTY TOP N 0
DESKTOP SPLIT TOP N 0
DESKTOP INPUT RX 0 DROP 0 KEY 0 PTR 0
DSKSURF OCCLUSION SMOKE PASS
CMD> parallel on
PARALLEL ON AP_PARKED
CMD> parallel drain on
PARALLEL DRAIN ON
EVENT HEARTBEAT RX 120 RUN 120
CMD> parallel
PARALLEL ON AP_DRAIN
CMD> parallelprobe
PARALLELPROBE MODE AP_DRAIN PTICK 0 DPT 0 DEXE 0
PARALLELPROBE AP START 3 ACTIVE 3 LAST 0 PEND 0
CMD> parallelprobe
PARALLELPROBE MODE AP_DRAIN PTICK 0 DPT 0 DEXE 0
PARALLELPROBE AP START 3 ACTIVE 3 LAST 0 PEND 0
CMD> parallelcanary 1
PARALLELCANARY AP_DRAIN MICRO 1 MAX 4
PARALLELCANARY ENQ BEGIN N 1
PARALLELCANARY ENQ ITEM 0 CORE 1
PARALLELCANARY ENQ DONE 1
PARALLELCANARY REQ 1 ENQ 1 AP 3
PARALLELCANARY MODE AP_DRAIN PEND 1
PARALLELCANARY EXE DELTA 0 BSPDELTA 0
EVENT HEARTBEAT RX 240 RUN 240
CMD> parallelprobe
PARALLELPROBE MODE AP_DRAIN PTICK 0 DPT 0 DEXE 1
PARALLELPROBE AP START 3 ACTIVE 3 LAST 0 PEND 0
CMD> parallelprobe
PARALLELPROBE MODE AP_DRAIN PTICK 0 DPT 0 DEXE 0
PARALLELPROBE AP START 3 ACTIVE 3 LAST 0 PEND 0
EVENT CMD RX 8 LEN 13
EVENT STATS PUB 308 DSP 308 DROP 0 HRX 300 CRX 8 IRX 0 CH 2813302492
TEXT CACHE E 0 C 96 H 0 M 0 EV 0
TIMER PIT INIT 1 TICKS 600 ZERO 0 CLAMP 0 LASTUS 30648 MAXUS 33922
IRQ REG 2 MASK 0 HIT 0 DROP 0
CDISP CORE 4 PEND 0 ENQ 1 EXE 1 DROP 0
CDISP EXE CORE 0:0 1:1 2:0 3:0
APW START 3 ACTIVE 3 PTICK 0 LAST 0 MODE CALLBACK
CMD> parallelprobe
PARALLELPROBE MODE AP_DRAIN PTICK 0 DPT 0 DEXE 0
PARALLELPROBE AP START 3 ACTIVE 3 LAST 0 PEND 0
CMD> halt
SHUTDOWN REQUESTED
