TYPE HELP FOR COMMANDS
RENDERER BACKEND: SOFTWARE
DISPLAY MODE: 1280x800 MASKED32
KEYBOARD LAYOUT: US-QWERTY
KEYBOARD MODS: SHIFT 0
TEXT SHAPER: BASIC WRAP 640
FONT CACHE: E 0 C 96 H 0 M 0
CPU CORES ONLINE: 4 BSP: 0
CPU PARALLEL SUPPORT: 1 ENABLED: 0 PLANNED AP: 3
CPU PARALLEL BOOT FLAG: 0 ENTRY INSTALLED: 1
SCHED INIT CORES: 4
SCHED TASKS: 2
MSG BUS CAP: 128
EVENT SUBS: 0
SERVICES: 7
VFS MOUNTS: 1 CAP: 8
VFS ROUTE: RAWFS -> kernel.elf
VFS RWTEST PASS BS 512 DRV RAWFS
TEXT SHAPER WRAP 320
TEXT SHAPER BASIC
EVENT FLOW SCHED CH 100
EVENT FLOW CMD CH 102
EVENT FLOW INPUT CH 103
EVENT FLOW READY
DESKTOP SMOKE PASS
DSKSURF SMOKE PASS
DSKSURF OCCLUSION SMOKE READY
DSKSURF OVERLAY ON
DESKTOP SHELL READY
SCHED TICK 1 READY 1 RUN 1 BLK 0 LAST 1
DESKTOP S 6 D 5 DA 1222400 ACK 0 APX 0 FACK 0 FPX 0 FFBK 0 FFBP 0 FSPL 0 FGEN 0 FDROP 0 Z 60 C 2 T 2 F 2 CAP 0 CLK 0
DESKTOP DIRTY TOP N 0
DESKTOP SPLIT TOP N 0
DESKTOP INPUT RX 0 DROP 0 KEY 0 PTR 0
DSKSURF OCCLUSION SMOKE PASS
CMD> parallel on
PARALLEL ON AP_PARKED
EVENT HEARTBEAT RX 120 RUN 120
EVENT HEARTBEAT RX 240 RUN 240
EVENT STATS PUB 303 DSP 303 DROP 0 HRX 300 CRX 1 IRX 2 CH 2047785551
TEXT CACHE E 0 C 96 H 0 M 0 EV 0
TIMER PIT INIT 1 TICKS 600 ZERO 0 CLAMP 0 LASTUS 24994 MAXUS 28314
IRQ REG 2 MASK 0 HIT 0 DROP 0
CDISP CORE 4 PEND 0 ENQ 0 EXE 0 DROP 0
CDISP EXE CORE 0:0 1:0 2:0 3:0
APW START 3 ACTIVE 3 PTICK 0 LAST 0 MODE CALLBACK
EVENT HEARTBEAT RX 360 RUN 360
SCHED TICK 901 READY 1 RUN 1 BLK 0 LAST 1
EVENT HEARTBEAT RX 480 RUN 480
